// Jest Snapshot v1, https://goo.gl/fbAQLP

exports[`Popper component renders with valid children 1`] = `
<div
  className=""
  onClick={[Function]}
>
  <div
    id="target"
  >
    react-nested-popper
  </div>
</div>
`;
